(2^7)
(5^1)
(2^1)(3^2)(17^1)
(3^1)(31^1)(47^1)
(2^3)(283^1)
(3^4)(5^1)(19^1)
(2^4)(13^1)(37^1)
(2^4)(5^4)
(2^4)(3^2)(463^1)
(44449^1)
(2^6)(193^1)
(2^6)(5^6)
(3^6)(67^1)
(13^2)(17^2)
(3^1)(5^1)(7^1)(11^1)(13^1)
(2^1)(5^1)
(2^2)(5^2)
(2^3)(5^3)
