1x^7 + 3x^5 + 10x^3 + 4x^1 + 21x^0
5x^4 + 6x^3 - 11x^2 + 9x^1 - 2x^0
-7x^5 + 4x^2 + 4x^1 + 2x^0
-2x^0
11x^1 + 6x^0
-4x^1 + 2x^0
-4x^3 - 3x^2 - 2x^1 - 1x^0
0x^0
