Invalid Input!

16
14
Fizz

Buzz
11
Fizz
13
14
FizzBuzz

