22-31 2
32-41 4
42-51 4
52-61 6
62-71 2
72-81 1
82-91 1

0-49 11
50-99 1
100-149 1
150-199 0
200-249 1
250-299 1

